// Jest Snapshot v1, https://goo.gl/fbAQLP

exports[`getCharacter Saga should call the characterLoadingError action if the response errors 1`] = `
Object {
  "@@redux-saga/IO": true,
  "CALL": Object {
    "args": Array [
      "https://us.api.battle.net/wow/character/illidan/syrix?fields=feed,items,professions,stats&locale=en_US&apikey=API_KEY",
    ],
    "context": null,
    "fn": [Function],
  },
}
`;

exports[`getCharacter Saga should dispatch the characterLoaded action if it requests the data successfully 1`] = `
Object {
  "@@redux-saga/IO": true,
  "CALL": Object {
    "args": Array [
      "https://us.api.battle.net/wow/character/illidan/syrix?fields=feed,items,professions,stats&locale=en_US&apikey=API_KEY",
    ],
    "context": null,
    "fn": [Function],
  },
}
`;
